Microchip MPLAB XC8 Compiler V2.50

Linker command line:

-W-3 --edf=D:\SOFTWARE\MicroChip\pic\dat\20240725155939_en.msgs \
  -pivt0x8=08h -cn -h+dist/default/production\nrf24.X.production.sym \
  --cmf=dist/default/production\nrf24.X.production.cmf -z -Q18F57Q43 \
  -oC:\Users\Admin\AppData\Local\Temp\xcAsdmk.\driver_tmp_3.o \
  --defsym=__MPLAB_BUILD=1 --fixupoverflow=error \
  -Mdist/default/production/nrf24.X.production.map \
  --md=C:\Users\Admin\AppData\Local\Temp\xcAsdmk.\driver_tmp_0.dat -E1 \
  -ver=XC8 Compiler --acfsm=1493 -ACODE=00h-01FFFFh -ACONST=00h-01FFFFh \
  -ASMALLCONST=02600h-026FFhx474 \
  -AMEDIUMCONST=02600h-0FFFFh,012600h-01FFFFh -ACOMRAM=0501h-055Fh \
  -AABS1=0500h-024FFh -ABIGRAM=0501h-024FFh \
  -ARAM=0560h-05FFh,0600h-06FFhx31 -ABANK5=0560h-05FFh -ABANK6=0600h-06FFh \
  -ABANK7=0700h-07FFh -ABANK8=0800h-08FFh -ABANK9=0900h-09FFh \
  -ABANK10=0A00h-0AFFh -ABANK11=0B00h-0BFFh -ABANK12=0C00h-0CFFh \
  -ABANK13=0D00h-0DFFh -ABANK14=0E00h-0EFFh -ABANK15=0F00h-0FFFh \
  -ABANK16=01000h-010FFh -ABANK17=01100h-011FFh -ABANK18=01200h-012FFh \
  -ABANK19=01300h-013FFh -ABANK20=01400h-014FFh -ABANK21=01500h-015FFh \
  -ABANK22=01600h-016FFh -ABANK23=01700h-017FFh -ABANK24=01800h-018FFh \
  -ABANK25=01900h-019FFh -ABANK26=01A00h-01AFFh -ABANK27=01B00h-01BFFh \
  -ABANK28=01C00h-01CFFh -ABANK29=01D00h-01DFFh -ABANK30=01E00h-01EFFh \
  -ABANK31=01F00h-01FFFh -ABANK32=02000h-020FFh -ABANK33=02100h-021FFh \
  -ABANK34=02200h-022FFh -ABANK35=02300h-023FFh -ABANK36=02400h-024FFh \
  -ASFR=00h-0FFhx4,0400h-045Fh,0460h-04FFh,02500h-025FFh \
  -ABIGSFR=00h-04FFh,02500h-025FFh -ACONFIG=0300000h-0300011h \
  -AIDLOC=0200000h-020003Fh -AEEDATA=0380000h-03803FFh -peeprom_data=EEDATA \
  -preset_vec=00h -ppowerup=CODE,init -pramtop=02600h \
  -psmallconst=SMALLCONST -pmediumconst=MEDIUMCONST -pconst=CONST \
  -AFARRAM=00h-00h \
  -prdata=COMRAM,nvrram=COMRAM,nvbit=COMRAM,rbss=COMRAM,rbit=COMRAM \
  -pfarbss=FARRAM,fardata=FARRAM,nvFARRAM=FARRAM \
  -pintsave_regs=BIGRAM,bigbss=BIGRAM,bigdata=BIGRAM -pbss=RAM \
  -pidata=CODE,irdata=CODE,ibigdata=CODE,ifardata=CODE -prparam=COMRAM \
  C:\Users\Admin\AppData\Local\Temp\xcAsdmk.\driver_tmp_14.o \
  dist/default/production\nrf24.X.production.o 

Object code version is 3.11

Machine type is 18F57Q43



                Name                               Link     Load   Length Selector   Space Scale
C:\Users\Admin\AppData\Local\Temp\xcAsdmk.\driver_tmp_14.o
                config                           300000   300000        A        0       4
                init                                 1A       1A        4        4       0
                reset_vec                             0        0        4        0       0
dist/default/production\nrf24.X.production.o
                config                           300000   300000        A        0       4
                mediumconst                        FDC2     FDC2      23E     7EE1       0
                ivt0x8                                8        8       12        4       0
                text49                            11198    11198        2     88CC       0
                text48                            10AE4    10AE4       6A     8000       0
                text47                            10BB4    10BB4       64     8000       0
                text46                            10A76    10A76       6E     8000       0
                text45                            10498    10498       D4     8000       0
                text44                            11110    11110       14     8000       0
                text43                            1115C    1115C        E     8000       0
                text42                            1114E    1114E        E     8000       0
                text41                            11140    11140        E     8000       0
                text40                            10E4A    10E4A       40     8000       0
                text39                            107D2    107D2       A4     8000       0
                text38                            11132    11132        E     8000       0
                text37                            11124    11124        E     8000       0
                text36                            10E8A    10E8A       3C     8000       0
                text35                            1109A    1109A       22     8000       0
                text34                            11078    11078       22     8000       0
                text33                            11056    11056       22     8000       0
                text32                            10A04    10A04       72     8000       0
                text31                            110FA    110FA       16     8000       0
                text30                            1118A    1118A        8     8000       0
                text29                            11182    11182        8     8000       0
                text28                            10FBA    10FBA       2A     8000       0
                text27                            10F90    10F90       2A     8000       0
                text26                            11032    11032       24     8000       0
                text25                            10C74    10C74       5C     8000       0
                text24                            10F66    10F66       2A     8000       0
                text23                            1063C    1063C       CC     8000       0
                text22                            10FE4    10FE4       28     8000       0
                text21                            1117A    1117A        8     8000       0
                text20                            110DC    110DC       1E     8000       0
                text19                            10708    10708       CA     8000       0
                text18                            10E06    10E06       44     8000       0
                text17                            10876    10876       9E     8000       0
                text16                            10394    10394      104     8000       0
                text15                            101D6    101D6      1BE     8000       0
                text14                            10CD0    10CD0       52     8000       0
                text13                            1100C    1100C       26     8000       0
                text12                            10000    10000      1D6     8000       0
                text11                            10C18    10C18       5C     8000       0
                text10                            10F34    10F34       32     8000       0
                text9                             10D72    10D72       4C     8000       0
                text8                             10992    10992       72     8000       0
                text7                             11172    11172        8     8000       0
                text6                             1116A    1116A        8     8000       0
                text5                             10D22    10D22       50     8000       0
                text4                             10EC6    10EC6       38     8000       0
                text3                             10DBE    10DBE       48     8000       0
                text2                             1056C    1056C       D0     8000       0
                text1                             10EFE    10EFE       36     8000       0
                text0                             10914    10914       7E     8000       0
                cstackCOMRAM                        501      501       5B      501       1
                cstackBANK5                         5A1      5A1       41      560       1
                dataBANK6                           600      600       20      600       1
                dataBANK5                           5E8      5E8        5      560       1
                bssBANK5                            560      560       41      560       1
                bssCOMRAM                           55C      55C        3      501       1
                cinit                             10B4E    10B4E       66     8000       0
                nvBANK5                             5E2      5E2        6      560       1
                idataBANK6                        110BC    110BC       20     8000       0
                idataBANK5                        11192    11192        5     8000       0

TOTAL           Name                               Link     Load   Length     Space
        CLASS   CODE           
                init                                 1A       1A        4         0
                reset_vec                             0        0        4         0
                ivt0x8                                8        8       12         0
                text49                            11198    11198        2         0
                text48                            10AE4    10AE4       6A         0
                text47                            10BB4    10BB4       64         0
                text46                            10A76    10A76       6E         0
                text45                            10498    10498       D4         0
                text44                            11110    11110       14         0
                text43                            1115C    1115C        E         0
                text42                            1114E    1114E        E         0
                text41                            11140    11140        E         0
                text40                            10E4A    10E4A       40         0
                text39                            107D2    107D2       A4         0
                text38                            11132    11132        E         0
                text37                            11124    11124        E         0
                text36                            10E8A    10E8A       3C         0
                text35                            1109A    1109A       22         0
                text34                            11078    11078       22         0
                text33                            11056    11056       22         0
                text32                            10A04    10A04       72         0
                text31                            110FA    110FA       16         0
                text30                            1118A    1118A        8         0
                text29                            11182    11182        8         0
                text28                            10FBA    10FBA       2A         0
                text27                            10F90    10F90       2A         0
                text26                            11032    11032       24         0
                text25                            10C74    10C74       5C         0
                text24                            10F66    10F66       2A         0
                text23                            1063C    1063C       CC         0
                text22                            10FE4    10FE4       28         0
                text21                            1117A    1117A        8         0
                text20                            110DC    110DC       1E         0
                text19                            10708    10708       CA         0
                text18                            10E06    10E06       44         0
                text17                            10876    10876       9E         0
                text16                            10394    10394      104         0
                text15                            101D6    101D6      1BE         0
                text14                            10CD0    10CD0       52         0
                text13                            1100C    1100C       26         0
                text12                            10000    10000      1D6         0
                text11                            10C18    10C18       5C         0
                text10                            10F34    10F34       32         0
                text9                             10D72    10D72       4C         0
                text8                             10992    10992       72         0
                text7                             11172    11172        8         0
                text6                             1116A    1116A        8         0
                text5                             10D22    10D22       50         0
                text4                             10EC6    10EC6       38         0
                text3                             10DBE    10DBE       48         0
                text2                             1056C    1056C       D0         0
                text1                             10EFE    10EFE       36         0
                text0                             10914    10914       7E         0
                cinit                             10B4E    10B4E       66         0
                idataBANK6                        110BC    110BC       20         0
                idataBANK5                        11192    11192        5         0

        CLASS   CONST          

        CLASS   SMALLCONST     

        CLASS   MEDIUMCONST    
                mediumconst                        FDC2     FDC2      23E         0

        CLASS   COMRAM         
                cstackCOMRAM                        501      501       5B         1
                bssCOMRAM                           55C      55C        3         1

        CLASS   ABS1           

        CLASS   BIGRAM         

        CLASS   RAM            

        CLASS   BANK5          
                cstackBANK5                         5A1      5A1       41         1
                dataBANK5                           5E8      5E8        5         1
                bssBANK5                            560      560       41         1
                nvBANK5                             5E2      5E2        6         1

        CLASS   BANK6          
                dataBANK6                           600      600       20         1

        CLASS   BANK7          

        CLASS   BANK8          

        CLASS   BANK9          

        CLASS   BANK10         

        CLASS   BANK11         

        CLASS   BANK12         

        CLASS   BANK13         

        CLASS   BANK14         

        CLASS   BANK15         

        CLASS   BANK16         

        CLASS   BANK17         

        CLASS   BANK18         

        CLASS   BANK19         

        CLASS   BANK20         

        CLASS   BANK21         

        CLASS   BANK22         

        CLASS   BANK23         

        CLASS   BANK24         

        CLASS   BANK25         

        CLASS   BANK26         

        CLASS   BANK27         

        CLASS   BANK28         

        CLASS   BANK29         

        CLASS   BANK30         

        CLASS   BANK31         

        CLASS   BANK32         

        CLASS   BANK33         

        CLASS   BANK34         

        CLASS   BANK35         

        CLASS   BANK36         

        CLASS   SFR            

        CLASS   BIGSFR         

        CLASS   CONFIG         
                config                           300000   300000        A         4

        CLASS   IDLOC          

        CLASS   EEDATA         

        CLASS   FARRAM         

        CLASS   HEAP           

        CLASS   STACK          



SEGMENTS        Name                           Load    Length   Top    Selector   Space  Class

                reset_vec                      000000  000004  000004         0       0  CODE    
                ivt0x8                         000008  000016  00001E         4       0  CODE    
                cstackCOMRAM                   000501  00005E  00055F       501       1  COMRAM  
                bssBANK5                       000560  00008D  0005ED       560       1  BANK5   
                dataBANK6                      000600  000020  000620       600       1  BANK6   
                mediumconst                    00FDC2  00023E  010000      7EE1       0  MEDIUMCO
                text12                         010000  001197  011197      8000       0  CODE    
                text49                         011198  000002  01119A      88CC       0  CODE    


UNUSED ADDRESS RANGES

        Name                Unused          Largest block    Delta
        BANK10           000A00-000AFF              100
        BANK11           000B00-000BFF              100
        BANK12           000C00-000CFF              100
        BANK13           000D00-000DFF              100
        BANK14           000E00-000EFF              100
        BANK15           000F00-000FFF              100
        BANK16           001000-0010FF              100
        BANK17           001100-0011FF              100
        BANK18           001200-0012FF              100
        BANK19           001300-0013FF              100
        BANK20           001400-0014FF              100
        BANK21           001500-0015FF              100
        BANK22           001600-0016FF              100
        BANK23           001700-0017FF              100
        BANK24           001800-0018FF              100
        BANK25           001900-0019FF              100
        BANK26           001A00-001AFF              100
        BANK27           001B00-001BFF              100
        BANK28           001C00-001CFF              100
        BANK29           001D00-001DFF              100
        BANK30           001E00-001EFF              100
        BANK31           001F00-001FFF              100
        BANK32           002000-0020FF              100
        BANK33           002100-0021FF              100
        BANK34           002200-0022FF              100
        BANK35           002300-0023FF              100
        BANK36           002400-0024FF              100
        BANK5            0005ED-0005FF               13
        BANK6            000620-0006FF               E0
        BANK7            000700-0007FF              100
        BANK8            000800-0008FF              100
        BANK9            000900-0009FF              100
        BIGRAM           00055F-00055F                1
                         0005ED-0005FF               13
                         000620-0024FF             1EE0
        BIGSFR           000000-0004FF              500
                         002500-0025FF              100
        CODE             000004-000007                4
                         00001E-00FDC1             FDA4
                         011197-011197                1
                         01119A-01FFFF             EE66
        COMRAM           00055F-00055F                1
        CONFIG           30000A-300011                8
        CONST            000004-000007                4
                         00001E-00FDC1             FDA4
                         011197-011197                1
                         01119A-01FFFF             EE66
        EEDATA           380000-3803FF              400
        IDLOC            200000-20003F               40
        MEDIUMCONST      002600-00FDC1             D7C2
                         012600-01FFFF             DA00
        RAM              0005ED-0005FF               13
                         000620-0024FF              100
        SFR              000000-0004FF              100
                         002500-0025FF              100
        SMALLCONST       002600-00FDC1              100
                         011197-011197                1
                         01119A-01FFFF              100

                                  Symbol Table

?_printf                                                  cstackCOMRAM 000540
?_read_prec_or_width                                      cstackCOMRAM 000501
?_strlen                                                  cstackCOMRAM 000501
?_vfprintf                                                cstackCOMRAM 000538
INT0_SetInterruptHandler@InterruptHandler                 cstackCOMRAM 000501
INT1_SetInterruptHandler@InterruptHandler                 cstackCOMRAM 000501
INT2_SetInterruptHandler@InterruptHandler                 cstackCOMRAM 000501
IVTBASEH                                                  (abs)        00045E
IVTBASEL                                                  (abs)        00045D
IVTBASEU                                                  (abs)        00045F
SPI1_BufferRead@bufferData                                cstackCOMRAM 000501
SPI1_BufferRead@bufferInput                               cstackCOMRAM 000505
SPI1_BufferRead@bufferSize                                cstackCOMRAM 000503
SPI1_BufferWrite@bufferData                               cstackCOMRAM 000501
SPI1_BufferWrite@bufferInput                              cstackCOMRAM 000505
SPI1_BufferWrite@bufferSize                               cstackCOMRAM 000503
SPI1_ByteRead@returnValue                                 cstackCOMRAM 000501
SPI1_ByteWrite@byteData                                   cstackCOMRAM 000501
SPI1_Open@spiConfigIndex                                  cstackCOMRAM 000501
SPI1_RxCompleteCallbackRegister@rxCompleteCallbackHandler cstackCOMRAM 000501
SPI1_TxCompleteCallbackRegister@txCompleteCallbackHandler cstackCOMRAM 000501
UART1_FramingErrorCallbackRegister@callbackHandler        cstackCOMRAM 000501
UART1_OverrunErrorCallbackRegister@callbackHandler        cstackCOMRAM 000501
UART1_ParityErrorCallbackRegister@callbackHandler         cstackCOMRAM 000501
UART1_Write@txData                                        cstackCOMRAM 000501
_ACTCON                                                   (abs)        0000AC
_ANSELA                                                   (abs)        000400
_ANSELB                                                   (abs)        000408
_ANSELC                                                   (abs)        000410
_ANSELD                                                   (abs)        000418
_ANSELE                                                   (abs)        000420
_ANSELF                                                   (abs)        000428
_CEH                                                      text7        011172
_CEL                                                      text6        01116A
_CLOCK_Initialize                                         text44       011110
_CSH                                                      text30       01118A
_CSL                                                      text29       011182
_INLVLA                                                   (abs)        000404
_INLVLB                                                   (abs)        00040C
_INLVLC                                                   (abs)        000414
_INLVLD                                                   (abs)        00041C
_INLVLE                                                   (abs)        000424
_INLVLF                                                   (abs)        00042C
_INT0_DefaultInterruptHandler                             (abs)        000000
_INT0_InterruptHandler                                    bssBANK5     000578
_INT0_SetInterruptHandler                                 text43       01115C
_INT1_DefaultInterruptHandler                             (abs)        000000
_INT1_InterruptHandler                                    bssBANK5     000575
_INT1_SetInterruptHandler                                 text42       01114E
_INT2_DefaultInterruptHandler                             (abs)        000000
_INT2_InterruptHandler                                    bssBANK5     000572
_INT2_SetInterruptHandler                                 text41       011140
_INTCON0bits                                              (abs)        0004D6
_INTERRUPT_Initialize                                     text40       010E4A
_INTERRUPT_InterruptManager                               text46       010A76
_IOCAF                                                    (abs)        000407
_IOCAN                                                    (abs)        000406
_IOCAP                                                    (abs)        000405
_IOCBF                                                    (abs)        00040F
_IOCBN                                                    (abs)        00040E
_IOCBP                                                    (abs)        00040D
_IOCCF                                                    (abs)        000417
_IOCCN                                                    (abs)        000416
_IOCCP                                                    (abs)        000415
_IOCEF                                                    (abs)        000427
_IOCEN                                                    (abs)        000426
_IOCEP                                                    (abs)        000425
_LATA                                                     (abs)        0004BE
_LATB                                                     (abs)        0004BF
_LATC                                                     (abs)        0004C0
_LATD                                                     (abs)        0004C1
_LATE                                                     (abs)        0004C2
_LATF                                                     (abs)        0004C3
_ODCONA                                                   (abs)        000402
_ODCONB                                                   (abs)        00040A
_ODCONC                                                   (abs)        000412
_ODCOND                                                   (abs)        00041A
_ODCONE                                                   (abs)        000422
_ODCONF                                                   (abs)        00042A
_OSCCON1                                                  (abs)        0000AD
_OSCCON3                                                  (abs)        0000AF
_OSCEN                                                    (abs)        0000B3
_OSCFRQ                                                   (abs)        0000B1
_OSCTUNE                                                  (abs)        0000B0
_PIE3bits                                                 (abs)        0004A1
_PIN_MANAGER_Initialize                                   text39       0107D2
_PIR10bits                                                (abs)        0004B8
_PIR1bits                                                 (abs)        0004AF
_PIR3bits                                                 (abs)        0004B1
_PIR6bits                                                 (abs)        0004B4
_RB1I2C                                                   (abs)        000289
_RB2I2C                                                   (abs)        000288
_RC3I2C                                                   (abs)        000287
_RC3PPS                                                   (abs)        000214
_RC4I2C                                                   (abs)        000286
_RC5PPS                                                   (abs)        000216
_RF0PPS                                                   (abs)        000229
_SLRCONA                                                  (abs)        000403
_SLRCONB                                                  (abs)        00040B
_SLRCONC                                                  (abs)        000413
_SLRCOND                                                  (abs)        00041B
_SLRCONE                                                  (abs)        000423
_SLRCONF                                                  (abs)        00042B
_SPI1BAUD                                                 (abs)        000089
_SPI1CLK                                                  (abs)        00008C
_SPI1CON0                                                 (abs)        000084
_SPI1CON0bits                                             (abs)        000084
_SPI1CON1                                                 (abs)        000085
_SPI1CON2                                                 (abs)        000086
_SPI1RXB                                                  (abs)        000080
_SPI1SCKPPS                                               (abs)        00026A
_SPI1SDIPPS                                               (abs)        00026B
_SPI1STATUSbits                                           (abs)        000087
_SPI1TCNTH                                                (abs)        000083
_SPI1TCNTL                                                (abs)        000082
_SPI1TXB                                                  (abs)        000081
_SPI1_BufferExchange                                      (abs)        000000
_SPI1_BufferRead                                          text25       010C74
_SPI1_BufferWrite                                         text11       010C18
_SPI1_ByteExchange                                        (abs)        000000
_SPI1_ByteRead                                            text28       010FBA
_SPI1_ByteWrite                                           text27       010F90
_SPI1_Close                                               (abs)        000000
_SPI1_Deinitialize                                        (abs)        000000
_SPI1_Host                                                mediumconst  00FE0B
_SPI1_ISR                                                 text49       011198
_SPI1_Initialize                                          text36       010E8A
_SPI1_IsRxReady                                           (abs)        000000
_SPI1_IsTxReady                                           (abs)        000000
_SPI1_Open                                                text45       010498
_SPI1_Receive_ISR                                         text48       010AE4
_SPI1_RxCompleteCallback                                  nvBANK5      0005E5
_SPI1_RxCompleteCallbackRegister                          text38       011132
_SPI1_Transmit_ISR                                        text47       010BB4
_SPI1_TxCompleteCallback                                  nvBANK5      0005E2
_SPI1_TxCompleteCallbackRegister                          text37       011124
_SYSTEM_Initialize                                        text31       0110FA
_TRISA                                                    (abs)        0004C6
_TRISB                                                    (abs)        0004C7
_TRISC                                                    (abs)        0004C8
_TRISCbits                                                (abs)        0004C8
_TRISD                                                    (abs)        0004C9
_TRISE                                                    (abs)        0004CA
_TRISF                                                    (abs)        0004CB
_U1BRGH                                                   (abs)        0002AF
_U1BRGL                                                   (abs)        0002AE
_U1CON0                                                   (abs)        0002AB
_U1CON0bits                                               (abs)        0002AB
_U1CON1                                                   (abs)        0002AC
_U1CON1bits                                               (abs)        0002AC
_U1CON2                                                   (abs)        0002AD
_U1ERRIE                                                  (abs)        0002B3
_U1ERRIR                                                  (abs)        0002B2
_U1ERRIRbits                                              (abs)        0002B2
_U1FIFO                                                   (abs)        0002B0
_U1FIFObits                                               (abs)        0002B0
_U1P1H                                                    (abs)        0002A6
_U1P1L                                                    (abs)        0002A5
_U1P2H                                                    (abs)        0002A8
_U1P2L                                                    (abs)        0002A7
_U1P3H                                                    (abs)        0002AA
_U1P3L                                                    (abs)        0002A9
_U1RXB                                                    (abs)        0002A1
_U1RXCHK                                                  (abs)        0002A2
_U1RXPPS                                                  (abs)        000272
_U1TXB                                                    (abs)        0002A3
_U1TXCHK                                                  (abs)        0002A4
_U1UIR                                                    (abs)        0002B1
_U1UIRbits                                                (abs)        0002B1
_UART1                                                    mediumconst  00FDC3
_UART1_AutoBaudQuery                                      (abs)        000000
_UART1_AutoBaudSet                                        (abs)        000000
_UART1_DefaultFramingErrorCallback                        (abs)        000000
_UART1_DefaultOverrunErrorCallback                        (abs)        000000
_UART1_DefaultParityErrorCallback                         (abs)        000000
_UART1_Deinitialize                                       (abs)        000000
_UART1_ErrorGet                                           (abs)        000000
_UART1_FramingErrorCallbackRegister                       text35       01109A
_UART1_FramingErrorHandler                                bssBANK5     00056F
_UART1_Initialize                                         text32       010A04
_UART1_IsRxReady                                          (abs)        000000
_UART1_IsTxDone                                           (abs)        000000
_UART1_IsTxReady                                          text22       010FE4
_UART1_IsTxReady$1357                                     cstackCOMRAM 000501
_UART1_OverrunErrorCallbackRegister                       text34       011078
_UART1_OverrunErrorHandler                                bssBANK5     00056C
_UART1_ParityErrorCallbackRegister                        text33       011056
_UART1_ParityErrorHandler                                 bssBANK5     000569
_UART1_Read                                               (abs)        000000
_UART1_TransmitDisable                                    (abs)        000000
_UART1_TransmitEnable                                     (abs)        000000
_UART1_Write                                              text21       01117A
_WPUA                                                     (abs)        000401
_WPUB                                                     (abs)        000409
_WPUC                                                     (abs)        000411
_WPUD                                                     (abs)        000419
_WPUE                                                     (abs)        000421
_WPUF                                                     (abs)        000429
__HRAM                                                    (abs)        000000
__H__absolute__                                           __absolute__ 000000
__Habs1                                                   abs1         000000
__Hbank10                                                 bank10       000000
__Hbank11                                                 bank11       000000
__Hbank12                                                 bank12       000000
__Hbank13                                                 bank13       000000
__Hbank14                                                 bank14       000000
__Hbank15                                                 bank15       000000
__Hbank16                                                 bank16       000000
__Hbank17                                                 bank17       000000
__Hbank18                                                 bank18       000000
__Hbank19                                                 bank19       000000
__Hbank20                                                 bank20       000000
__Hbank21                                                 bank21       000000
__Hbank22                                                 bank22       000000
__Hbank23                                                 bank23       000000
__Hbank24                                                 bank24       000000
__Hbank25                                                 bank25       000000
__Hbank26                                                 bank26       000000
__Hbank27                                                 bank27       000000
__Hbank28                                                 bank28       000000
__Hbank29                                                 bank29       000000
__Hbank30                                                 bank30       000000
__Hbank31                                                 bank31       000000
__Hbank32                                                 bank32       000000
__Hbank33                                                 bank33       000000
__Hbank34                                                 bank34       000000
__Hbank35                                                 bank35       000000
__Hbank36                                                 bank36       000000
__Hbank5                                                  bank5        000000
__Hbank6                                                  bank6        000000
__Hbank7                                                  bank7        000000
__Hbank8                                                  bank8        000000
__Hbank9                                                  bank9        000000
__Hbigbss                                                 bigbss       000000
__Hbigdata                                                bigdata      000000
__Hbigram                                                 bigram       000000
__Hbigsfr                                                 bigsfr       000000
__Hbss                                                    bss          000000
__HbssBANK5                                               bssBANK5     000000
__HbssCOMRAM                                              bssCOMRAM    000000
__Hcinit                                                  cinit        000000
__Hclrtext                                                clrtext      000000
__Hcomram                                                 comram       000000
__Hconfig                                                 config       30000A
__Hconst                                                  const        000000
__HcstackBANK5                                            cstackBANK5  000000
__HcstackCOMRAM                                           cstackCOMRAM 000000
__Hdata                                                   data         000000
__HdataBANK5                                              dataBANK5    000000
__HdataBANK6                                              dataBANK6    000000
__Heeprom_data                                            eeprom_data  000000
__Hfarbss                                                 farbss       000000
__Hfardata                                                fardata      000000
__Hheap                                                   heap         000000
__Hibigdata                                               ibigdata     000000
__Hidata                                                  idata        000000
__HidataBANK5                                             idataBANK5   000000
__HidataBANK6                                             idataBANK6   000000
__Hidloc                                                  idloc        000000
__Hifardata                                               ifardata     000000
__Hinit                                                   init         00001E
__Hintsave_regs                                           intsave_regs 000000
__Hirdata                                                 irdata       000000
__Hivt0x8                                                 ivt0x8       00001A
__Hmediumconst                                            mediumconst  010000
__HnvBANK5                                                nvBANK5      000000
__HnvFARRAM                                               nvFARRAM     000000
__Hnvbit                                                  nvbit        000000
__Hnvrram                                                 nvrram       000000
__Hparam                                                  rparam       000000
__Hpowerup                                                powerup      000000
__Hram                                                    ram          000000
__Hramtop                                                 ramtop       002600
__Hrbit                                                   rbit         000000
__Hrbss                                                   rbss         000000
__Hrdata                                                  rdata        000000
__Hreset_vec                                              reset_vec    000004
__Hrparam                                                 rparam       000000
__Hsfr                                                    sfr          000000
__Hsmallconst                                             smallconst   000000
__Hspace_0                                                (abs)        01119A
__Hspace_1                                                (abs)        000620
__Hspace_2                                                (abs)        000000
__Hspace_4                                                (abs)        60000A
__Hstack                                                  stack        000000
__Hstruct                                                 struct       000000
__Htemp                                                   temp         000000
__Htext                                                   text         000000
__Htext0                                                  text0        000000
__Htext1                                                  text1        000000
__Htext10                                                 text10       000000
__Htext11                                                 text11       000000
__Htext12                                                 text12       000000
__Htext13                                                 text13       000000
__Htext14                                                 text14       000000
__Htext15                                                 text15       000000
__Htext16                                                 text16       000000
__Htext17                                                 text17       000000
__Htext18                                                 text18       000000
__Htext19                                                 text19       000000
__Htext2                                                  text2        000000
__Htext20                                                 text20       000000
__Htext21                                                 text21       000000
__Htext22                                                 text22       000000
__Htext23                                                 text23       000000
__Htext24                                                 text24       000000
__Htext25                                                 text25       000000
__Htext26                                                 text26       000000
__Htext27                                                 text27       000000
__Htext28                                                 text28       000000
__Htext29                                                 text29       000000
__Htext3                                                  text3        000000
__Htext30                                                 text30       000000
__Htext31                                                 text31       000000
__Htext32                                                 text32       000000
__Htext33                                                 text33       000000
__Htext34                                                 text34       000000
__Htext35                                                 text35       000000
__Htext36                                                 text36       000000
__Htext37                                                 text37       000000
__Htext38                                                 text38       000000
__Htext39                                                 text39       000000
__Htext4                                                  text4        000000
__Htext40                                                 text40       000000
__Htext41                                                 text41       000000
__Htext42                                                 text42       000000
__Htext43                                                 text43       000000
__Htext44                                                 text44       000000
__Htext45                                                 text45       000000
__Htext46                                                 text46       000000
__Htext47                                                 text47       000000
__Htext48                                                 text48       000000
__Htext49                                                 text49       000000
__Htext5                                                  text5        000000
__Htext6                                                  text6        000000
__Htext7                                                  text7        000000
__Htext8                                                  text8        000000
__Htext9                                                  text9        000000
__LRAM                                                    (abs)        000001
__L__absolute__                                           __absolute__ 000000
__Labs1                                                   abs1         000000
__Lbank10                                                 bank10       000000
__Lbank11                                                 bank11       000000
__Lbank12                                                 bank12       000000
__Lbank13                                                 bank13       000000
__Lbank14                                                 bank14       000000
__Lbank15                                                 bank15       000000
__Lbank16                                                 bank16       000000
__Lbank17                                                 bank17       000000
__Lbank18                                                 bank18       000000
__Lbank19                                                 bank19       000000
__Lbank20                                                 bank20       000000
__Lbank21                                                 bank21       000000
__Lbank22                                                 bank22       000000
__Lbank23                                                 bank23       000000
__Lbank24                                                 bank24       000000
__Lbank25                                                 bank25       000000
__Lbank26                                                 bank26       000000
__Lbank27                                                 bank27       000000
__Lbank28                                                 bank28       000000
__Lbank29                                                 bank29       000000
__Lbank30                                                 bank30       000000
__Lbank31                                                 bank31       000000
__Lbank32                                                 bank32       000000
__Lbank33                                                 bank33       000000
__Lbank34                                                 bank34       000000
__Lbank35                                                 bank35       000000
__Lbank36                                                 bank36       000000
__Lbank5                                                  bank5        000000
__Lbank6                                                  bank6        000000
__Lbank7                                                  bank7        000000
__Lbank8                                                  bank8        000000
__Lbank9                                                  bank9        000000
__Lbigbss                                                 bigbss       000000
__Lbigdata                                                bigdata      000000
__Lbigram                                                 bigram       000000
__Lbigsfr                                                 bigsfr       000000
__Lbss                                                    bss          000000
__LbssBANK5                                               bssBANK5     000000
__LbssCOMRAM                                              bssCOMRAM    000000
__Lcinit                                                  cinit        000000
__Lclrtext                                                clrtext      000000
__Lcomram                                                 comram       000000
__Lconfig                                                 config       000000
__Lconst                                                  const        000000
__LcstackBANK5                                            cstackBANK5  000000
__LcstackCOMRAM                                           cstackCOMRAM 000000
__Ldata                                                   data         000000
__LdataBANK5                                              dataBANK5    000000
__LdataBANK6                                              dataBANK6    000000
__Leeprom_data                                            eeprom_data  000000
__Lfarbss                                                 farbss       000000
__Lfardata                                                fardata      000000
__Lheap                                                   heap         000000
__Libigdata                                               ibigdata     000000
__Lidata                                                  idata        000000
__LidataBANK5                                             idataBANK5   000000
__LidataBANK6                                             idataBANK6   000000
__Lidloc                                                  idloc        000000
__Lifardata                                               ifardata     000000
__Linit                                                   init         00001A
__Lintsave_regs                                           intsave_regs 000000
__Lirdata                                                 irdata       000000
__Livt0x8                                                 ivt0x8       000008
__Lmediumconst                                            mediumconst  00FDC2
__LnvBANK5                                                nvBANK5      000000
__LnvFARRAM                                               nvFARRAM     000000
__Lnvbit                                                  nvbit        000000
__Lnvrram                                                 nvrram       000000
__Lparam                                                  rparam       000000
__Lpowerup                                                powerup      000000
__Lram                                                    ram          000000
__Lramtop                                                 ramtop       002600
__Lrbit                                                   rbit         000000
__Lrbss                                                   rbss         000000
__Lrdata                                                  rdata        000000
__Lreset_vec                                              reset_vec    000000
__Lrparam                                                 rparam       000000
__Lsfr                                                    sfr          000000
__Lsmallconst                                             smallconst   000000
__Lspace_0                                                (abs)        000000
__Lspace_1                                                (abs)        000000
__Lspace_2                                                (abs)        000000
__Lspace_4                                                (abs)        000000
__Lstack                                                  stack        000000
__Lstruct                                                 struct       000000
__Ltemp                                                   temp         000000
__Ltext                                                   text         000000
__Ltext0                                                  text0        000000
__Ltext1                                                  text1        000000
__Ltext10                                                 text10       000000
__Ltext11                                                 text11       000000
__Ltext12                                                 text12       000000
__Ltext13                                                 text13       000000
__Ltext14                                                 text14       000000
__Ltext15                                                 text15       000000
__Ltext16                                                 text16       000000
__Ltext17                                                 text17       000000
__Ltext18                                                 text18       000000
__Ltext19                                                 text19       000000
__Ltext2                                                  text2        000000
__Ltext20                                                 text20       000000
__Ltext21                                                 text21       000000
__Ltext22                                                 text22       000000
__Ltext23                                                 text23       000000
__Ltext24                                                 text24       000000
__Ltext25                                                 text25       000000
__Ltext26                                                 text26       000000
__Ltext27                                                 text27       000000
__Ltext28                                                 text28       000000
__Ltext29                                                 text29       000000
__Ltext3                                                  text3        000000
__Ltext30                                                 text30       000000
__Ltext31                                                 text31       000000
__Ltext32                                                 text32       000000
__Ltext33                                                 text33       000000
__Ltext34                                                 text34       000000
__Ltext35                                                 text35       000000
__Ltext36                                                 text36       000000
__Ltext37                                                 text37       000000
__Ltext38                                                 text38       000000
__Ltext39                                                 text39       000000
__Ltext4                                                  text4        000000
__Ltext40                                                 text40       000000
__Ltext41                                                 text41       000000
__Ltext42                                                 text42       000000
__Ltext43                                                 text43       000000
__Ltext44                                                 text44       000000
__Ltext45                                                 text45       000000
__Ltext46                                                 text46       000000
__Ltext47                                                 text47       000000
__Ltext48                                                 text48       000000
__Ltext49                                                 text49       000000
__Ltext5                                                  text5        000000
__Ltext6                                                  text6        000000
__Ltext7                                                  text7        000000
__Ltext8                                                  text8        000000
__Ltext9                                                  text9        000000
__S0                                                      (abs)        01119A
__S1                                                      (abs)        000620
__S4                                                      (abs)        000000
__S5                                                      (abs)        000000
___heap_hi                                                (abs)        000000
___heap_lo                                                (abs)        000000
___inthi_sp                                               stack        000000
___inthi_stack_hi                                         stack        000000
___inthi_stack_lo                                         stack        000000
___intlo_sp                                               stack        000000
___intlo_stack_hi                                         stack        000000
___intlo_stack_lo                                         stack        000000
___param_bank                                             (abs)        000000
___rparam_used                                            (abs)        000001
___sp                                                     stack        000000
___stack_hi                                               stack        000000
___stack_lo                                               stack        000000
__accesstop                                               (abs)        000560
__activetblptr                                            (abs)        000003
__end_of_CEH                                              text7        01117A
__end_of_CEL                                              text6        011172
__end_of_CLOCK_Initialize                                 text44       011124
__end_of_CSH                                              text30       011192
__end_of_CSL                                              text29       01118A
__end_of_INT0_SetInterruptHandler                         text43       01116A
__end_of_INT1_SetInterruptHandler                         text42       01115C
__end_of_INT2_SetInterruptHandler                         text41       01114E
__end_of_INTERRUPT_Initialize                             text40       010E8A
__end_of_INTERRUPT_InterruptManager                       text46       010AE4
__end_of_PIN_MANAGER_Initialize                           text39       010876
__end_of_SPI1_BufferRead                                  text25       010CD0
__end_of_SPI1_BufferWrite                                 text11       010C74
__end_of_SPI1_ByteRead                                    text28       010FE4
__end_of_SPI1_ByteWrite                                   text27       010FBA
__end_of_SPI1_Host                                        mediumconst  00FE35
__end_of_SPI1_ISR                                         text49       01119A
__end_of_SPI1_Initialize                                  text36       010EC6
__end_of_SPI1_Open                                        text45       01056C
__end_of_SPI1_Receive_ISR                                 text48       010B4E
__end_of_SPI1_RxCompleteCallbackRegister                  text38       011140
__end_of_SPI1_Transmit_ISR                                text47       010C18
__end_of_SPI1_TxCompleteCallbackRegister                  text37       011132
__end_of_SYSTEM_Initialize                                text31       011110
__end_of_UART1                                            mediumconst  00FE0B
__end_of_UART1_FramingErrorCallbackRegister               text35       0110BC
__end_of_UART1_Initialize                                 text32       010A76
__end_of_UART1_IsTxReady                                  text22       01100C
__end_of_UART1_OverrunErrorCallbackRegister               text34       01109A
__end_of_UART1_ParityErrorCallbackRegister                text33       011078
__end_of_UART1_Write                                      text21       011182
__end_of__initialization                                  cinit        010BAE
__end_of_fputc                                            text19       0107D2
__end_of_fputs                                            text18       010E4A
__end_of_main                                             text0        010992
__end_of_memcpy                                           text5        010D72
__end_of_memset                                           text4        010EFE
__end_of_nrf_check_configuration                          text12       0101D6
__end_of_nrf_init                                         text8        010A04
__end_of_nrf_read_register                                text26       011056
__end_of_nrf_read_register_multi                          text24       010F90
__end_of_nrf_send_data                                    text2        01063C
__end_of_nrf_write_payload                                text3        010E06
__end_of_nrf_write_register                               text10       010F66
__end_of_nrf_write_register_multi                         text9        010DBE
__end_of_pad                                              text17       010914
__end_of_printf                                           text13       011032
__end_of_putch                                            text20       0110FA
__end_of_read_prec_or_width                               text23       010708
__end_of_spi1_configuration                               mediumconst  00FE3F
__end_of_strlen                                           text1        010F34
__end_of_vfpfcnvrt                                        text15       010394
__end_of_vfprintf                                         text14       010D22
__end_of_xtoa                                             text16       010498
__initialization                                          cinit        010B4E
__mediumconst                                             mediumconst  00FDC2
__pbssBANK5                                               bssBANK5     000560
__pbssCOMRAM                                              bssCOMRAM    00055C
__pcinit                                                  cinit        010B4E
__pcstackBANK5                                            cstackBANK5  0005A1
__pcstackCOMRAM                                           cstackCOMRAM 000501
__pdataBANK5                                              dataBANK5    0005E8
__pdataBANK6                                              dataBANK6    000600
__pidataBANK5                                             idataBANK5   011192
__pidataBANK6                                             idataBANK6   0110BC
__pivt0x8                                                 ivt0x8       000008
__pmediumconst                                            mediumconst  00FDC2
__pnvBANK5                                                nvBANK5      0005E2
__ptext0                                                  text0        010914
__ptext1                                                  text1        010EFE
__ptext10                                                 text10       010F34
__ptext11                                                 text11       010C18
__ptext12                                                 text12       010000
__ptext13                                                 text13       01100C
__ptext14                                                 text14       010CD0
__ptext15                                                 text15       0101D6
__ptext16                                                 text16       010394
__ptext17                                                 text17       010876
__ptext18                                                 text18       010E06
__ptext19                                                 text19       010708
__ptext2                                                  text2        01056C
__ptext20                                                 text20       0110DC
__ptext21                                                 text21       01117A
__ptext22                                                 text22       010FE4
__ptext23                                                 text23       01063C
__ptext24                                                 text24       010F66
__ptext25                                                 text25       010C74
__ptext26                                                 text26       011032
__ptext27                                                 text27       010F90
__ptext28                                                 text28       010FBA
__ptext29                                                 text29       011182
__ptext3                                                  text3        010DBE
__ptext30                                                 text30       01118A
__ptext31                                                 text31       0110FA
__ptext32                                                 text32       010A04
__ptext33                                                 text33       011056
__ptext34                                                 text34       011078
__ptext35                                                 text35       01109A
__ptext36                                                 text36       010E8A
__ptext37                                                 text37       011124
__ptext38                                                 text38       011132
__ptext39                                                 text39       0107D2
__ptext4                                                  text4        010EC6
__ptext40                                                 text40       010E4A
__ptext41                                                 text41       011140
__ptext42                                                 text42       01114E
__ptext43                                                 text43       01115C
__ptext44                                                 text44       011110
__ptext45                                                 text45       010498
__ptext46                                                 text46       010A76
__ptext47                                                 text47       010BB4
__ptext48                                                 text48       010AE4
__ptext49                                                 text49       011198
__ptext5                                                  text5        010D22
__ptext6                                                  text6        01116A
__ptext7                                                  text7        011172
__ptext8                                                  text8        010992
__ptext9                                                  text9        010D72
__ramtop                                                  ramtop       002600
__smallconst                                              smallconst   000000
_dbuf                                                     bssBANK5     000581
_flags                                                    bssCOMRAM    00055E
_fputc                                                    text19       010708
_fputs                                                    text18       010E06
_main                                                     text0        010914
_memcpy                                                   text5        010D22
_memset                                                   text4        010EC6
_nrf_check_configuration                                  text12       010000
_nrf_init                                                 text8        010992
_nrf_read_register                                        text26       011032
_nrf_read_register_multi                                  text24       010F66
_nrf_send_data                                            text2        01056C
_nrf_write_payload                                        text3        010DBE
_nrf_write_register                                       text10       010F34
_nrf_write_register_multi                                 text9        010D72
_pad                                                      text17       010876
_prec                                                     bssBANK5     00057B
_printf                                                   text13       01100C
_putch                                                    text20       0110DC
_read_prec_or_width                                       text23       01063C
_spi1_configuration                                       mediumconst  00FE35
_spi1_descriptor                                          bssBANK5     000560
_strlen                                                   text1        010EFE
_uart1RxLastError                                         bssBANK5     00057F
_vfpfcnvrt                                                text15       0101D6
_vfprintf                                                 text14       010CD0
_width                                                    bssCOMRAM    00055C
_xtoa                                                     text16       010394
end_of_initialization                                     cinit        010BAE
fputc@c                                                   cstackCOMRAM 000503
fputc@fp                                                  cstackCOMRAM 000505
fputs@c                                                   cstackCOMRAM 000510
fputs@fp                                                  cstackCOMRAM 00050E
fputs@i                                                   cstackCOMRAM 000511
fputs@s                                                   cstackCOMRAM 00050C
intlevel0                                                 text         000000
intlevel1                                                 text         000000
intlevel2                                                 text         000000
intlevel3                                                 text         000000
isa$std                                                   (abs)        000001
isa$xinst                                                 (abs)        000000
ivt0x8_base                                               ivt0x8       000008
main@F17884                                               dataBANK6    000600
main@data_to_send                                         cstackBANK5  0005C2
memcpy@d                                                  cstackCOMRAM 000507
memcpy@d1                                                 cstackCOMRAM 000501
memcpy@n                                                  cstackCOMRAM 000505
memcpy@s                                                  cstackCOMRAM 000509
memcpy@s1                                                 cstackCOMRAM 000503
memcpy@tmp                                                cstackCOMRAM 00050B
memset@c                                                  cstackCOMRAM 000503
memset@dest                                               cstackCOMRAM 000501
memset@n                                                  cstackCOMRAM 000505
memset@p                                                  cstackCOMRAM 000507
nrf_check_configuration@config                            cstackCOMRAM 000559
nrf_check_configuration@en_aa                             cstackCOMRAM 000551
nrf_check_configuration@i                                 cstackCOMRAM 000555
nrf_check_configuration@i_1475                            cstackCOMRAM 000557
nrf_check_configuration@rf_ch                             cstackCOMRAM 000553
nrf_check_configuration@rf_setup                          cstackCOMRAM 000552
nrf_check_configuration@rx_address                        cstackCOMRAM 000547
nrf_check_configuration@status                            cstackCOMRAM 000554
nrf_check_configuration@tx_address                        cstackCOMRAM 00054C
nrf_init@F17915                                           dataBANK5    0005E8
nrf_init@tx_address                                       cstackCOMRAM 00050B
nrf_read_register@readbyte                                cstackCOMRAM 000504
nrf_read_register@reg                                     cstackCOMRAM 000502
nrf_read_register@tx_data                                 cstackCOMRAM 000503
nrf_read_register_multi@buffer                            cstackCOMRAM 00050B
nrf_read_register_multi@data                              cstackCOMRAM 000507
nrf_read_register_multi@length                            cstackCOMRAM 000509
nrf_read_register_multi@reg                               cstackCOMRAM 00050D
nrf_read_register_multi@tx_data                           cstackCOMRAM 00050E
nrf_send_data@data                                        cstackCOMRAM 000546
nrf_send_data@full_data                                   cstackBANK5  0005A1
nrf_send_data@length                                      cstackCOMRAM 000548
nrf_send_data@status                                      cstackBANK5  0005C1
nrf_write_payload@data                                    cstackCOMRAM 000502
nrf_write_payload@i                                       cstackCOMRAM 000506
nrf_write_payload@length                                  cstackCOMRAM 000504
nrf_write_register@reg                                    cstackCOMRAM 000508
nrf_write_register@tx_data                                cstackCOMRAM 000509
nrf_write_register@value                                  cstackCOMRAM 000507
nrf_write_register_multi@data                             cstackCOMRAM 000502
nrf_write_register_multi@i                                cstackCOMRAM 000508
nrf_write_register_multi@length                           cstackCOMRAM 000504
nrf_write_register_multi@reg                              cstackCOMRAM 000506
nrf_write_register_multi@tx_data                          cstackCOMRAM 000507
pad@buf                                                   cstackCOMRAM 000515
pad@fp                                                    cstackCOMRAM 000513
pad@i                                                     cstackCOMRAM 00051A
pad@p                                                     cstackCOMRAM 000517
printf@ap                                                 cstackCOMRAM 000544
printf@fmt                                                cstackCOMRAM 000540
putch@txData                                              cstackCOMRAM 000502
read_prec_or_width@ap                                     cstackCOMRAM 000503
read_prec_or_width@c                                      cstackCOMRAM 000507
read_prec_or_width@fmt                                    cstackCOMRAM 000501
read_prec_or_width@n                                      cstackCOMRAM 000508
stackhi                                                   (abs)        000000
stacklo                                                   (abs)        000000
start                                                     init         00001A
start_initialization                                      cinit        010B4E
strlen@a                                                  cstackCOMRAM 000503
strlen@s                                                  cstackCOMRAM 000501
vfpfcnvrt@ap                                              cstackCOMRAM 00052D
vfpfcnvrt@convarg                                         cstackCOMRAM 000531
vfpfcnvrt@cp                                              cstackCOMRAM 000536
vfpfcnvrt@done                                            cstackCOMRAM 000535
vfpfcnvrt@fmt                                             cstackCOMRAM 00052B
vfpfcnvrt@fp                                              cstackCOMRAM 000529
vfprintf@ap                                               cstackCOMRAM 00053C
vfprintf@cfmt                                             cstackCOMRAM 00053E
vfprintf@fmt                                              cstackCOMRAM 00053A
vfprintf@fp                                               cstackCOMRAM 000538
xtoa@c                                                    cstackCOMRAM 000526
xtoa@d                                                    cstackCOMRAM 00051E
xtoa@fp                                                   cstackCOMRAM 00051C
xtoa@i                                                    cstackCOMRAM 000527
xtoa@p                                                    cstackCOMRAM 000523
xtoa@w                                                    cstackCOMRAM 000524


MODULE INFORMATION

Module		Function		Class		Link	Load	Size
nrf24.c
		_nrf_read_register_multi		CODE           	10F66	0000	42
		_nrf_write_payload		CODE           	10DBE	0000	72
		_CEH           		CODE           	11172	0000	8
		_nrf_init      		CODE           	10992	0000	114
		_nrf_check_configuration		CODE           	10000	0000	470
		_nrf_write_register_multi		CODE           	10D72	0000	76
		_CEL           		CODE           	1116A	0000	8
		_nrf_send_data 		CODE           	1056C	0000	208
		_CSH           		CODE           	1118A	0000	8
		_nrf_read_register		CODE           	11032	0000	36
		_CSL           		CODE           	11182	0000	8
		_nrf_write_register		CODE           	10F34	0000	50

nrf24.c estimated size: 1100

D:\SOFTWARE\MicroChip\pic\sources\c99\common\nf_fputc.c
		_fputc         		CODE           	10708	0000	202

D:\SOFTWARE\MicroChip\pic\sources\c99\common\nf_fputc.c estimated size: 202

D:\SOFTWARE\MicroChip\pic\sources\c99\common\memcpy.c
		_memcpy        		CODE           	10D22	0000	80

D:\SOFTWARE\MicroChip\pic\sources\c99\common\memcpy.c estimated size: 80

mcc_generated_files/system/src/interrupt.c
		_INT0_SetInterruptHandler		CODE           	1115C	0000	14
		_INT1_SetInterruptHandler		CODE           	1114E	0000	14
		_INT2_SetInterruptHandler		CODE           	11140	0000	14
		_INTERRUPT_Initialize		CODE           	10E4A	0000	64
		_INTERRUPT_InterruptManager		CODE           	10A76	0000	110

mcc_generated_files/system/src/interrupt.c estimated size: 216

D:\SOFTWARE\MicroChip\pic\sources\c99\common\printf.c
		_printf        		CODE           	1100C	0000	38

D:\SOFTWARE\MicroChip\pic\sources\c99\common\printf.c estimated size: 38

mcc_generated_files/uart/src/uart1.c
		_UART1_IsTxReady		CODE           	10FE4	0000	40
		_UART1_Write   		CODE           	1117A	0000	8
		_putch         		CODE           	110DC	0000	30
		_UART1_FramingErrorCallbackRegister		CODE           	1109A	0000	34
		_UART1_OverrunErrorCallbackRegister		CODE           	11078	0000	34
		_UART1_Initialize		CODE           	10A04	0000	114
		_UART1_ParityErrorCallbackRegister		CODE           	11056	0000	34

mcc_generated_files/uart/src/uart1.c estimated size: 294

mcc_generated_files/system/src/pins.c
		_PIN_MANAGER_Initialize		CODE           	107D2	0000	164

mcc_generated_files/system/src/pins.c estimated size: 164

shared
		__initialization		CODE           	10B4E	0000	96
		_SPI1_Host     		MEDIUMCONST    	FE0B	0000	42
		_UART1         		MEDIUMCONST    	FDC3	0000	72
		_spi1_configuration		MEDIUMCONST    	FE35	0000	10

shared estimated size: 220

D:\SOFTWARE\MicroChip\pic\sources\c99\common\strlen.c
		_strlen        		CODE           	10EFE	0000	54

D:\SOFTWARE\MicroChip\pic\sources\c99\common\strlen.c estimated size: 54

D:\SOFTWARE\MicroChip\pic\sources\c99\common\nf_fputs.c
		_fputs         		CODE           	10E06	0000	68

D:\SOFTWARE\MicroChip\pic\sources\c99\common\nf_fputs.c estimated size: 68

D:\SOFTWARE\MicroChip\pic\sources\c99\common\memset.c
		_memset        		CODE           	10EC6	0000	56

D:\SOFTWARE\MicroChip\pic\sources\c99\common\memset.c estimated size: 56

mcc_generated_files/system/src/clock.c
		_CLOCK_Initialize		CODE           	11110	0000	20

mcc_generated_files/system/src/clock.c estimated size: 20

main.c
		_main          		CODE           	10914	0000	126

main.c estimated size: 126

D:\SOFTWARE\MicroChip\pic\sources\c99\common\doprnt.c
		_read_prec_or_width		CODE           	1063C	0000	204
		_vfpfcnvrt     		CODE           	101D6	0000	446
		_pad           		CODE           	10876	0000	158
		_vfprintf      		CODE           	10CD0	0000	82
		_xtoa          		CODE           	10394	0000	260

D:\SOFTWARE\MicroChip\pic\sources\c99\common\doprnt.c estimated size: 1150

mcc_generated_files/system/src/system.c
		_SYSTEM_Initialize		CODE           	110FA	0000	22

mcc_generated_files/system/src/system.c estimated size: 22

mcc_generated_files/spi/src/spi1.c
		_SPI1_BufferRead		CODE           	10C74	0000	92
		_SPI1_TxCompleteCallbackRegister		CODE           	11124	0000	14
		_SPI1_RxCompleteCallbackRegister		CODE           	11132	0000	14
		_SPI1_ByteRead 		CODE           	10FBA	0000	42
		_SPI1_Transmit_ISR		CODE           	10BB4	0000	100
		_SPI1_ISR      		CODE           	11198	0000	2
		_SPI1_ByteWrite		CODE           	10F90	0000	42
		_SPI1_Open     		CODE           	10498	0000	212
		_SPI1_BufferWrite		CODE           	10C18	0000	92
		_SPI1_Initialize		CODE           	10E8A	0000	60
		_SPI1_Receive_ISR		CODE           	10AE4	0000	106

mcc_generated_files/spi/src/spi1.c estimated size: 776

